// Jest Snapshot v1, https://goo.gl/fbAQLP

exports[`configs imageScales should match snapshot 1`] = `
Array [
  0.2,
  0.4,
  0.6,
  0.8,
  1,
]
`;

exports[`configs labels should match snapshot 1`] = `
Object {
  "aboutMe": "laebls.aboutMe",
  "experience": "laebls.experience",
  "filterByClient": "laebls.filterByClient",
  "jobTitle": "laebls.jobTitle",
  "latest": "laebls.latest",
  "loadMore": "laebls.loadMore",
  "name": "laebls.name",
  "oldest": "laebls.oldest",
  "present": "laebls.present",
  "sameClient": "laebls.sameClient",
  "sameTag": "laebls.sameTag",
  "search": "laebls.search",
  "selectOrder": "laebls.selectOrder",
  "skills": "laebls.skills",
}
`;

exports[`configs orders should match snapshot 1`] = `
Array [
  Object {
    "name": "Latest",
    "value": "year_DESC",
  },
  Object {
    "name": "Oldest",
    "value": "year_ASC",
  },
]
`;

exports[`configs routes should match snapshot 1`] = `
Array [
  Object {
    "module": Object {
      "$$typeof": Symbol(react.lazy),
      "_ctor": [Function],
      "_result": null,
      "_status": -1,
    },
    "path": "/",
  },
  Object {
    "module": Object {
      "$$typeof": Symbol(react.lazy),
      "_ctor": [Function],
      "_result": null,
      "_status": -1,
    },
    "path": "/projects/:slug",
  },
]
`;
