// Jest Snapshot v1, https://goo.gl/fbAQLP

exports[`Button should match snapshot 1`] = `
<styled.div
  align="center"
  direction="column"
  flex={1}
  justify="center"
  styles="
    display: flex;
    align-items: center;;
    flex-direction: column;;
    flex: 1;;
    justify-content: center;;
"
>
  <styled.h1
    styles="
    color: theme.colors.brand;
    font-size: 10vw;
"
  >
    400
  </styled.h1>
  <p>
    Bad Request
  </p>
  <button>
    Button
  </button>
</styled.div>
`;
