// Jest Snapshot v1, https://goo.gl/fbAQLP

exports[`App should match snapshot 1`] = `
<Component
  theme={
    Object {
      "colors": Object {
        "text": "colors.text",
      },
    }
  }
>
  <ContextProvider
    value="client"
  >
    <Memo(l) />
    <BrowserRouter>
      <Nav />
      <Suspense
        fallback={<Unknown />}
      >
        <Switch>
          <Route
            exact={true}
            key="/"
            path="/"
          >
            <lazy />
          </Route>
          <Route
            exact={true}
            key="/projects/:slug"
            path="/projects/:slug"
          >
            <lazy />
          </Route>
        </Switch>
      </Suspense>
      <aside>
        <styled.div
          styles="
    bottom: 30px;
    right: 30px;
    position: absolute;
    z-index: 5;
"
        >
          <Icon
            ariaLabel="Enable light mode"
            color="colors.text"
            icon="e9d5"
            onClick={[Function]}
            size={50}
            testID="contrast-button"
          />
        </styled.div>
      </aside>
    </BrowserRouter>
  </ContextProvider>
</Component>
`;
